   Woah! You appear to be trying to run flutter as root.
   We strongly recommend running the flutter tool without superuser privileges.
  /
📎
[ +266 ms] executing: uname -m
[  +46 ms] Exit code 0 from: uname -m
[   +1 ms] aarch64
[  +37 ms] Artifact Instance of 'MaterialFonts' is not required, skipping update.
[        ] Artifact Instance of 'GradleWrapper' is not required, skipping update.
[        ] Artifact Instance of 'AndroidGenSnapshotArtifacts' is not required, skipping update.
[        ] Artifact Instance of 'AndroidInternalBuildArtifacts' is not required, skipping update.
[        ] Artifact Instance of 'IOSEngineArtifacts' is not required, skipping update.
[        ] Artifact Instance of 'FlutterWebSdk' is not required, skipping update.
[   +6 ms] Artifact Instance of 'LegacyCanvasKitRemover' is not required, skipping update.
[        ] Artifact Instance of 'FlutterSdk' is not required, skipping update.
[        ] Artifact Instance of 'WindowsEngineArtifacts' is not required, skipping update.
[        ] Artifact Instance of 'MacOSEngineArtifacts' is not required, skipping update.
[        ] Artifact Instance of 'LinuxEngineArtifacts' is not required, skipping update.
[        ] Artifact Instance of 'LinuxFuchsiaSDKArtifacts' is not required, skipping update.
[        ] Artifact Instance of 'MacOSFuchsiaSDKArtifacts' is not required, skipping update.
[        ] Artifact Instance of 'FlutterRunnerSDKArtifacts' is not required, skipping update.
[        ] Artifact Instance of 'FlutterRunnerDebugSymbols' is not required, skipping update.
[        ] Artifact Instance of 'IosUsbArtifacts' is not required, skipping update.
[        ] Artifact Instance of 'IosUsbArtifacts' is not required, skipping update.
[        ] Artifact Instance of 'IosUsbArtifacts' is not required, skipping update.
[        ] Artifact Instance of 'IosUsbArtifacts' is not required, skipping update.
[        ] Artifact Instance of 'IosUsbArtifacts' is not required, skipping update.
[        ] Artifact Instance of 'IosUsbArtifacts' is not required, skipping update.
[        ] Artifact Instance of 'FontSubsetArtifacts' is not required, skipping update.
[        ] Artifact Instance of 'PubDependencies' is not required, skipping update.
[   +2 ms] executing: [/root/flutter/] git -c log.showSignature=false log HEAD -n 1 --pretty=format:%ad --date=iso
[ +105 ms] Exit code 0 from: git -c log.showSignature=false log HEAD -n 1 --pretty=format:%ad --date=iso
[   +2 ms] 2026-06-24 11:07:06 -0700
[  +98 ms] Artifact Instance of 'AndroidGenSnapshotArtifacts' is not required, skipping update.
[   +1 ms] Artifact Instance of 'AndroidInternalBuildArtifacts' is not required, skipping update.
[   +1 ms] Artifact Instance of 'IOSEngineArtifacts' is not required, skipping update.
[        ] Artifact Instance of 'FlutterWebSdk' is not required, skipping update.
[        ] Artifact Instance of 'FlutterEngineStamp' is not required, skipping update.
[        ] Artifact Instance of 'LegacyCanvasKitRemover' is not required, skipping update.
[  +21 ms] Artifact Instance of 'WindowsEngineArtifacts' is not required, skipping update.
[        ] Artifact Instance of 'MacOSEngineArtifacts' is not required, skipping update.
[        ] Artifact Instance of 'LinuxEngineArtifacts' is not required, skipping update.
[        ] Artifact Instance of 'LinuxFuchsiaSDKArtifacts' is not required, skipping update.
[        ] Artifact Instance of 'MacOSFuchsiaSDKArtifacts' is not required, skipping update.
[        ] Artifact Instance of 'FlutterRunnerSDKArtifacts' is not required, skipping update.
[        ] Artifact Instance of 'FlutterRunnerDebugSymbols' is not required, skipping update.
[ +520 ms] Artifact Instance of 'MaterialFonts' is not required, skipping update.
[   +1 ms] Artifact Instance of 'GradleWrapper' is not required, skipping update.
[  +24 ms] Artifact Instance of 'AndroidInternalBuildArtifacts' is not required, skipping update.
[   +1 ms] Artifact Instance of 'IOSEngineArtifacts' is not required, skipping update.
[   +1 ms] Artifact Instance of 'FlutterWebSdk' is not required, skipping update.
[   +1 ms] Artifact Instance of 'FlutterEngineStamp' is not required, skipping update.
[        ] Artifact Instance of 'LegacyCanvasKitRemover' is not required, skipping update.
[        ] Artifact Instance of 'FlutterSdk' is not required, skipping update.
[        ] Artifact Instance of 'WindowsEngineArtifacts' is not required, skipping update.
[        ] Artifact Instance of 'MacOSEngineArtifacts' is not required, skipping update.
[        ] Artifact Instance of 'LinuxEngineArtifacts' is not required, skipping update.
[        ] Artifact Instance of 'LinuxFuchsiaSDKArtifacts' is not required, skipping update.
[        ] Artifact Instance of 'MacOSFuchsiaSDKArtifacts' is not required, skipping update.
[        ] Artifact Instance of 'FlutterRunnerSDKArtifacts' is not required, skipping update.
[        ] Artifact Instance of 'FlutterRunnerDebugSymbols' is not required, skipping update.
[        ] Artifact Instance of 'IosUsbArtifacts' is not required, skipping update.
[        ] Artifact Instance of 'IosUsbArtifacts' is not required, skipping update.
[        ] Artifact Instance of 'IosUsbArtifacts' is not required, skipping update.
[        ] Artifact Instance of 'IosUsbArtifacts' is not required, skipping update.
[        ] Artifact Instance of 'IosUsbArtifacts' is not required, skipping update.
[        ] Artifact Instance of 'IosUsbArtifacts' is not required, skipping update.
[        ] Artifact Instance of 'FontSubsetArtifacts' is not required, skipping update.
[        ] Artifact Instance of 'PubDependencies' is not required, skipping update.
[ +290 ms] Skipping pub get: version match.
[ +583 ms] Found plugin just_audio at /root/.pub-cache/hosted/pub.dev/just_audio-0.10.6/
[ +133 ms] Found plugin path_provider at /root/.pub-cache/hosted/pub.dev/path_provider-2.1.6/
[  +22 ms] Found plugin path_provider_windows at /root/.pub-cache/hosted/pub.dev/path_provider_windows-2.3.0/
[  +73 ms] Found plugin path_provider_linux at /root/.pub-cache/hosted/pub.dev/path_provider_linux-2.2.2/
[  +34 ms] Found plugin path_provider_foundation at /root/.pub-cache/hosted/pub.dev/path_provider_foundation-2.6.0/
[ +125 ms] Found plugin path_provider_android at /root/.pub-cache/hosted/pub.dev/path_provider_android-2.3.1/
[  +20 ms] Found plugin jni_flutter at /root/.pub-cache/hosted/pub.dev/jni_flutter-1.0.1/
[  +20 ms] Found plugin jni at /root/.pub-cache/hosted/pub.dev/jni-1.0.0/
[  +39 ms] Found plugin just_audio_web at /root/.pub-cache/hosted/pub.dev/just_audio_web-0.4.16/
[  +53 ms] Found plugin audio_session at /root/.pub-cache/hosted/pub.dev/audio_session-0.2.4/
[ +436 ms] Found plugin just_audio at /root/.pub-cache/hosted/pub.dev/just_audio-0.10.6/
[  +88 ms] Found plugin path_provider at /root/.pub-cache/hosted/pub.dev/path_provider-2.1.6/
[  +14 ms] Found plugin path_provider_windows at /root/.pub-cache/hosted/pub.dev/path_provider_windows-2.3.0/
[  +60 ms] Found plugin path_provider_linux at /root/.pub-cache/hosted/pub.dev/path_provider_linux-2.2.2/
[  +23 ms] Found plugin path_provider_foundation at /root/.pub-cache/hosted/pub.dev/path_provider_foundation-2.6.0/
[ +101 ms] Found plugin path_provider_android at /root/.pub-cache/hosted/pub.dev/path_provider_android-2.3.1/
[  +15 ms] Found plugin jni_flutter at /root/.pub-cache/hosted/pub.dev/jni_flutter-1.0.1/
[  +11 ms] Found plugin jni at /root/.pub-cache/hosted/pub.dev/jni-1.0.0/
[  +34 ms] Found plugin just_audio_web at /root/.pub-cache/hosted/pub.dev/just_audio_web-0.4.16/
[  +43 ms] Found plugin audio_session at /root/.pub-cache/hosted/pub.dev/audio_session-0.2.4/
[  +70 ms] Skipping generating web_plugin_registrant.dart because it is up-to-date.
[ +309 ms] Found plugin just_audio at /root/.pub-cache/hosted/pub.dev/just_audio-0.10.6/
[  +86 ms] Found plugin path_provider at /root/.pub-cache/hosted/pub.dev/path_provider-2.1.6/
[  +23 ms] Found plugin path_provider_windows at /root/.pub-cache/hosted/pub.dev/path_provider_windows-2.3.0/
[  +57 ms] Found plugin path_provider_linux at /root/.pub-cache/hosted/pub.dev/path_provider_linux-2.2.2/
[  +22 ms] Found plugin path_provider_foundation at /root/.pub-cache/hosted/pub.dev/path_provider_foundation-2.6.0/
[ +103 ms] Found plugin path_provider_android at /root/.pub-cache/hosted/pub.dev/path_provider_android-2.3.1/
[  +13 ms] Found plugin jni_flutter at /root/.pub-cache/hosted/pub.dev/jni_flutter-1.0.1/
[  +15 ms] Found plugin jni at /root/.pub-cache/hosted/pub.dev/jni-1.0.0/
[  +37 ms] Found plugin just_audio_web at /root/.pub-cache/hosted/pub.dev/just_audio_web-0.4.16/
[  +45 ms] Found plugin audio_session at /root/.pub-cache/hosted/pub.dev/audio_session-0.2.4/
[  +68 ms] Generating /data/data/com.termux/files/home/llano_music_app/android/app/src/main/java/io/flutter/plugins/GeneratedPluginRegistrant.java
[  +15 ms] Skipping generating GeneratedPluginRegistrant.java because it is up-to-date.
[  +24 ms] Skipping generating generated_plugin_registrant.h because it is up-to-date.
[  +14 ms] Skipping generating generated_plugin_registrant.cc because it is up-to-date.
[  +14 ms] Skipping generating generated_plugins.cmake because it is up-to-date.
[  +20 ms] Skipping generating generated_plugin_registrant.h because it is up-to-date.
[  +10 ms] Skipping generating generated_plugin_registrant.cc because it is up-to-date.
[  +15 ms] Skipping generating generated_plugins.cmake because it is up-to-date.
[  +23 ms] Skipping generating GeneratedPluginRegistrant.h because it is up-to-date.
[  +15 ms] Skipping generating GeneratedPluginRegistrant.m because it is up-to-date.
[  +18 ms] Skipping generating GeneratedPluginRegistrant.swift because it is up-to-date.
[ +442 ms] Top-level Gradle build file not found, skipping migration of task "clean".
[   +5 ms] Android Studio version could not be detected, skipping Gradle-Java version compatibility check.
[  +12 ms] CMake project not found, skipping support Android 15 16k page size migration.
[  +28 ms] The developer has already configured the Built-In Kotlin flag, skipping migration.
[  +11 ms] The developer has already configured the new DSL flag, skipping migration.
[  +42 ms] Using gradle from /data/data/com.termux/files/home/llano_music_app/android/gradlew.
[ +182 ms] LocalFile: '/data/data/com.termux/files/home/llano_music_app/android/build.gradle.kts' doesn't provide an AGP version. Checking settings.
[  +14 ms] LocalFile: '/data/data/com.termux/files/home/llano_music_app/android/settings.gradle.kts' provides AGP version: 9.0.1
[  +23 ms] Running Gradle task 'assembleRelease'...
[   +6 ms] executing: [/data/data/com.termux/files/home/llano_music_app/android/] /data/data/com.termux/files/home/llano_music_app/android/gradlew --full-stacktrace --info -Pverbose=true -Ptarget-platform=android-arm,android-arm64,android-x64 -Ptarget=lib/main.dart -Pbase-application-name=android.app.Application -Pdart-defines=RkxVVFRFUl9WRVJTSU9OPTMuNDQuNA==,RkxVVFRFUl9DSEFOTkVMPXN0YWJsZQ==,RkxVVFRFUl9HSVRfVVJMPWh0dHBzOi8vZ2l0aHViLmNvbS9mbHV0dGVyL2ZsdXR0ZXIuZ2l0,RkxVVFRFUl9GUkFNRVdPUktfUkVWSVNJT049YWQ3MGVjNDYxNw==,RkxVVFRFUl9FTkdJTkVfUkVWSVNJT049YTEwZDhhYzM4ZA==,RkxVVFRFUl9EQVJUX1ZFUlNJT049My4xMi4y -Pdart-obfuscation=false -Ptrack-widget-creation=true -Ptree-shake-icons=true assembleRelease
[+5132 ms] Initialized native services in: /root/.gradle/native
[   +5 ms] Initialized jansi services in: /root/.gradle/native
[+1442 ms] The client will now receive all logging from the daemon (pid: 5231). The daemon log file: /root/.gradle/daemon/9.1.0/daemon-5231.out.log
[   +6 ms] Starting 3rd build in daemon [uptime: 57 mins 32.121 secs, performance: 100%, GC rate: 0.00/s, heap usage: 0% of 8 GiB, non-heap usage: 5% of 4 GiB]
[   +2 ms] Using 8 worker leases.
[  +92 ms] Not watching /data/data/com.termux/files/home/llano_music_app/android since the file system is not supported
[   +6 ms] Watching the file system is configured to be enabled if available
[   +2 ms] File system watching is active
[  +85 ms] Starting Build
[ +100 ms] Not watching /root/flutter/packages/flutter_tools/gradle since the file system is not supported
[+2202 ms] > Configure project :gradle
[   +9 ms] Evaluating project ':gradle' using build file '/root/flutter/packages/flutter_tools/gradle/build.gradle.kts'.
[   +2 ms] Resolved plugin [id: 'org.gradle.java-gradle-plugin']
[   +2 ms] Resolved plugin [id: 'org.gradle.groovy']
[   +1 ms] Resolved plugin [id: 'org.gradle.kotlin.kotlin-dsl', version: '6.2.0']
[   +2 ms] Resolved plugin [id: 'org.jetbrains.kotlin.jvm', version: '2.2.20']
[   +1 ms] Build beab5cf2-3b77-4237-95fc-afb5a922a3b1 is started
[   +2 ms] Using Kotlin Gradle Plugin gradle813 variant
[   +2 ms] kotlin scripting plugin: created the scripting discovery configuration: kotlinScriptDef
[   +4 ms] kotlin scripting plugin: created the scripting discovery configuration: testKotlinScriptDef
[   +2 ms] WARNING: Unsupported Kotlin plugin version.
[   +2 ms] The `embedded-kotlin` and `kotlin-dsl` plugins rely on features of Kotlin `2.2.0` that might work differently than in the requested version `2.2.20`.
[   +2 ms] file or directory '/root/flutter/packages/flutter_tools/gradle/src/main/java', not found
[ +159 ms] Resolved plugin [id: 'dev.flutter.flutter-plugin-loader', version: '1.0.0']
[   +3 ms] Resolved plugin [id: 'com.android.application', version: '9.0.1', apply: false]
[  +99 ms] Resolved plugin [id: 'org.jetbrains.kotlin.android', version: '2.3.20', apply: false]
[  +99 ms] Resolve mutations for :gradle:checkKotlinGradlePluginConfigurationErrors (Thread[#354,Execution worker,5,main]) started.
[   +3 ms] :gradle:checkKotlinGradlePluginConfigurationErrors (Thread[#354,Execution worker,5,main]) started.
[   +5 ms] > Task :gradle:checkKotlinGradlePluginConfigurationErrors SKIPPED
[   +2 ms] Skipping task ':gradle:checkKotlinGradlePluginConfigurationErrors' as task onlyIf 'errorDiagnostics are present' is false.
[   +4 ms] Resolve mutations for :gradle:compileKotlin (Thread[#354,Execution worker,5,main]) started.
[   +3 ms] :gradle:compileKotlin (Thread[#354,Execution worker,5,main]) started.
[+1611 ms] > Task :gradle:compileKotlin UP-TO-DATE
[  +45 ms] Caching disabled for task ':gradle:compileKotlin' because:
[   +1 ms]   Build cache is disabled
[  +13 ms] Skipping task ':gradle:compileKotlin' as it is up-to-date.
[   +4 ms] Resolve mutations for :gradle:compileJava (Thread[#354,Execution worker,5,main]) started.
[  +21 ms] :gradle:compileJava (Thread[#354,Execution worker,5,main]) started.
[   +9 ms] > Task :gradle:compileJava NO-SOURCE
[   +3 ms] Skipping task ':gradle:compileJava' as it has no source files and no previous output files.
[  +83 ms] Resolve mutations for :gradle:compileGroovy (Thread[#354,Execution worker,5,main]) started.
[   +7 ms] :gradle:compileGroovy (Thread[#354,Execution worker,5,main]) started.
[  +24 ms] > Task :gradle:compileGroovy NO-SOURCE
[  +12 ms] Skipping task ':gradle:compileGroovy' as it has no source files and no previous output files.
[   +2 ms] Resolve mutations for :gradle:pluginDescriptors (Thread[#354,Execution worker,5,main]) started.
[   +2 ms] :gradle:pluginDescriptors (Thread[#354,Execution worker,5,main]) started.
[  +45 ms] > Task :gradle:pluginDescriptors UP-TO-DATE
[  +15 ms] Caching disabled for task ':gradle:pluginDescriptors' because:
[   +1 ms]   Build cache is disabled
[   +3 ms]   Not worth caching
[  +11 ms] Skipping task ':gradle:pluginDescriptors' as it is up-to-date.
[   +8 ms] Resolve mutations for :gradle:processResources (Thread[#354,Execution worker,5,main]) started.
[   +7 ms] :gradle:processResources (Thread[#354,Execution worker,5,main]) started.
[   +4 ms] > Task :gradle:processResources UP-TO-DATE
[  +21 ms] Caching disabled for task ':gradle:processResources' because:
[  +11 ms]   Build cache is disabled
[  +16 ms]   Not worth caching
[  +50 ms] Skipping task ':gradle:processResources' as it is up-to-date.
[  +14 ms] Resolve mutations for :gradle:classes (Thread[#359,Execution worker Thread 6,5,main]) started.
[   +9 ms] :gradle:classes (Thread[#359,Execution worker Thread 6,5,main]) started.
[  +38 ms] > Task :gradle:classes UP-TO-DATE
[  +17 ms] Skipping task ':gradle:classes' as it has no actions.
[  +15 ms] Resolve mutations for :gradle:jar (Thread[#355,Execution worker Thread 2,5,main]) started.
[   +5 ms] :gradle:jar (Thread[#355,Execution worker Thread 2,5,main]) started.
[  +19 ms] > Task :gradle:jar UP-TO-DATE
[   +6 ms] Caching disabled for task ':gradle:jar' because:
[   +3 ms]   Build cache is disabled
[  +11 ms]   Not worth caching
[   +7 ms] Skipping task ':gradle:jar' as it is up-to-date.
[+24689 ms] Settings evaluated using settings file '/data/data/com.termux/files/home/llano_music_app/android/settings.gradle.kts'.
[  +96 ms] Projects loaded. Root project using build file '/data/data/com.termux/files/home/llano_music_app/android/build.gradle.kts'.
[   +3 ms] Included projects: [root project 'android', project ':app', project ':audio_session', project ':jni', project ':jni_flutter', project ':just_audio']
[+1997 ms] > Configure project :
[   +6 ms] Evaluating root project 'android' using build file '/data/data/com.termux/files/home/llano_music_app/android/build.gradle.kts'.
[+5401 ms] > Configure project :app
[   +8 ms] Evaluating project ':app' using build file '/data/data/com.termux/files/home/llano_music_app/android/app/build.gradle.kts'.
[   +5 ms] Resolved plugin [id: 'com.android.application']
[   +9 ms] Resolved plugin [id: 'dev.flutter.flutter-gradle-plugin']
[  +15 ms] WARNING: The option setting 'android.builtInKotlin=false' is deprecated.
[   +3 ms] The current default is 'true'.
[  +14 ms] It will be removed in version 10.0 of the Android Gradle plugin.
[   +6 ms] WARNING: The option setting 'android.newDsl=false' is deprecated.
[   +8 ms] The current default is 'true'.
[   +6 ms] It will be removed in version 10.0 of the Android Gradle plugin.
[  +18 ms] Using default execution profile
[   +2 ms] Build 359d9334-e155-480e-a5a9-ca4680e84638 is started
[   +2 ms] Using Kotlin Gradle Plugin gradle813 variant
[   +2 ms] Using Kotlin Gradle Plugin gradle813 variant
[   +3 ms] Using Kotlin Gradle Plugin gradle813 variant
[   +2 ms] Using Kotlin Gradle Plugin gradle813 variant
[   +2 ms] Using Kotlin Gradle Plugin gradle813 variant
[   +3 ms] C/C++: android.ndkVersion from module build.gradle is [28.2.13676358]
[   +3 ms] C/C++: android.ndkPath from module build.gradle is not set
[   +2 ms] C/C++: ndk.dir in local.properties is not set
[   +2 ms] C/C++: Not considering ANDROID_NDK_HOME because support was removed after deprecation period.
[   +3 ms] C/C++: sdkFolder is /root/Android
[   +3 ms] C/C++: android.ndkVersion from module build.gradle is [28.2.13676358]
[   +3 ms] C/C++: android.ndkPath from module build.gradle is not set
[   +3 ms] C/C++: ndk.dir in local.properties is not set
[   +3 ms] C/C++: Not considering ANDROID_NDK_HOME because support was removed after deprecation period.
[   +8 ms] C/C++: sdkFolder is /root/Android
[  +11 ms] C/C++: android.ndkVersion from module build.gradle is [28.2.13676358]
[   +4 ms] C/C++: android.ndkPath from module build.gradle is not set
[   +5 ms] C/C++: ndk.dir in local.properties is not set
[   +6 ms] C/C++: Not considering ANDROID_NDK_HOME because support was removed after deprecation period.
[   +4 ms] C/C++: sdkFolder is /root/Android
[   +6 ms] C/C++: android.ndkVersion from module build.gradle is [28.2.13676358]
[   +4 ms] C/C++: android.ndkPath from module build.gradle is not set
[   +4 ms] C/C++: ndk.dir in local.properties is not set
[   +2 ms] C/C++: Not considering ANDROID_NDK_HOME because support was removed after deprecation period.
[   +2 ms] C/C++: sdkFolder is /root/Android
[   +4 ms] C/C++: android.ndkVersion from module build.gradle is [28.2.13676358]
[   +3 ms] C/C++: android.ndkPath from module build.gradle is not set
[   +5 ms] C/C++: ndk.dir in local.properties is not set
[   +5 ms] C/C++: Not considering ANDROID_NDK_HOME because support was removed after deprecation period.
[   +3 ms] C/C++: sdkFolder is /root/Android
[   +3 ms] C/C++: android.ndkVersion from module build.gradle is [28.2.13676358]
[   +2 ms] C/C++: android.ndkPath from module build.gradle is not set
[   +4 ms] C/C++: ndk.dir in local.properties is not set
[   +4 ms] C/C++: Not considering ANDROID_NDK_HOME because support was removed after deprecation period.
[   +2 ms] C/C++: sdkFolder is /root/Android
[   +4 ms] C/C++: android.ndkVersion from module build.gradle is [28.2.13676358]
[   +2 ms] C/C++: android.ndkPath from module build.gradle is not set
[   +5 ms] C/C++: ndk.dir in local.properties is not set
[   +3 ms] C/C++: Not considering ANDROID_NDK_HOME because support was removed after deprecation period.
[   +3 ms] C/C++: sdkFolder is /root/Android
[   +9 ms] C/C++: android.ndkVersion from module build.gradle is [28.2.13676358]
[   +6 ms] C/C++: android.ndkPath from module build.gradle is not set
[  +10 ms] C/C++: ndk.dir in local.properties is not set
[   +5 ms] C/C++: Not considering ANDROID_NDK_HOME because support was removed after deprecation period.
[  +14 ms] C/C++: sdkFolder is /root/Android
[  +14 ms] C/C++: android.ndkVersion from module build.gradle is [28.2.13676358]
[  +12 ms] C/C++: android.ndkPath from module build.gradle is not set
[   +3 ms] C/C++: ndk.dir in local.properties is not set
[  +13 ms] C/C++: Not considering ANDROID_NDK_HOME because support was removed after deprecation period.
[   +6 ms] C/C++: sdkFolder is /root/Android
[   +5 ms] C/C++: android.ndkVersion from module build.gradle is [28.2.13676358]
[  +39 ms] C/C++: android.ndkPath from module build.gradle is not set
[  +28 ms] C/C++: ndk.dir in local.properties is not set
[  +36 ms] C/C++: Not considering ANDROID_NDK_HOME because support was removed after deprecation period.
[  +11 ms] C/C++: sdkFolder is /root/Android
[  +24 ms] C/C++: android.ndkVersion from module build.gradle is [28.2.13676358]
[   +4 ms] C/C++: android.ndkPath from module build.gradle is not set
[  +15 ms] C/C++: ndk.dir in local.properties is not set
[  +15 ms] C/C++: Not considering ANDROID_NDK_HOME because support was removed after deprecation period.
[   +8 ms] C/C++: sdkFolder is /root/Android
[   +3 ms] C/C++: android.ndkVersion from module build.gradle is [28.2.13676358]
[   +9 ms] C/C++: android.ndkPath from module build.gradle is not set
[   +3 ms] C/C++: ndk.dir in local.properties is not set
[  +13 ms] C/C++: Not considering ANDROID_NDK_HOME because support was removed after deprecation period.
[  +39 ms] C/C++: sdkFolder is /root/Android
[  +13 ms] C/C++: android.ndkVersion from module build.gradle is [28.2.13676358]
[  +23 ms] C/C++: android.ndkPath from module build.gradle is not set
[  +11 ms] C/C++: ndk.dir in local.properties is not set
[  +18 ms] C/C++: Not considering ANDROID_NDK_HOME because support was removed after deprecation period.
[  +25 ms] C/C++: sdkFolder is /root/Android
[  +61 ms] C/C++: android.ndkVersion from module build.gradle is [28.2.13676358]
[  +30 ms] C/C++: android.ndkPath from module build.gradle is not set
[  +17 ms] C/C++: ndk.dir in local.properties is not set
[  +19 ms] C/C++: Not considering ANDROID_NDK_HOME because support was removed after deprecation period.
[  +22 ms] C/C++: sdkFolder is /root/Android
[  +22 ms] C/C++: android.ndkVersion from module build.gradle is [28.2.13676358]
[  +24 ms] C/C++: android.ndkPath from module build.gradle is not set
[  +12 ms] C/C++: ndk.dir in local.properties is not set
[  +37 ms] C/C++: Not considering ANDROID_NDK_HOME because support was removed after deprecation period.
[  +20 ms] C/C++: sdkFolder is /root/Android
[  +39 ms] C/C++: android.ndkVersion from module build.gradle is [28.2.13676358]
[  +24 ms] C/C++: android.ndkPath from module build.gradle is not set
[  +11 ms] C/C++: ndk.dir in local.properties is not set
[  +79 ms] C/C++: Not considering ANDROID_NDK_HOME because support was removed after deprecation period.
[  +11 ms] C/C++: sdkFolder is /root/Android
[  +14 ms] C/C++: android.ndkVersion from module build.gradle is [28.2.13676358]
[   +5 ms] C/C++: android.ndkPath from module build.gradle is not set
[   +7 ms] C/C++: ndk.dir in local.properties is not set
[  +10 ms] C/C++: Not considering ANDROID_NDK_HOME because support was removed after deprecation period.
[  +25 ms] C/C++: sdkFolder is /root/Android
[  +22 ms] C/C++: android.ndkVersion from module build.gradle is [28.2.13676358]
[  +14 ms] C/C++: android.ndkPath from module build.gradle is not set
[  +41 ms] C/C++: ndk.dir in local.properties is not set
[  +20 ms] C/C++: Not considering ANDROID_NDK_HOME because support was removed after deprecation period.
[  +63 ms] C/C++: sdkFolder is /root/Android
[  +57 ms] C/C++: android.ndkVersion from module build.gradle is [28.2.13676358]
[   +7 ms] C/C++: android.ndkPath from module build.gradle is not set
[  +40 ms] C/C++: ndk.dir in local.properties is not set
[   +7 ms] C/C++: Not considering ANDROID_NDK_HOME because support was removed after deprecation period.
[  +22 ms] C/C++: sdkFolder is /root/Android
[  +76 ms] w: [33m[1m⚠️ Deprecated 'org.jetbrains.kotlin.android' plugin usage[0m[0m
[  +38 ms] The 'org.jetbrains.kotlin.android' plugin in project ':app' is no longer required for Kotlin support since AGP 9.0.
[  +28 ms] [32m[1mSolution:[0m[0m
[  +51 ms] [32m[3mRemove both `android.builtInKotlin=true` and `android.newDsl=false` from `gradle.properties`, then migrate to built-in Kotlin.[0m[0m
[  +29 ms] [36mSee [0m[34mhttps://kotl.in/gradle/agp-built-in-kotlin[0m[36m for more details.[0m
[ +283 ms] > Configure project :audio_session
[  +16 ms] Evaluating project ':audio_session' using build file '/root/.pub-cache/hosted/pub.dev/audio_session-0.2.4/android/build.gradle.kts'.
[   +3 ms] Resolved plugin [id: 'com.android.library']
[ +149 ms] Using default execution profile
[+57206 ms] w: [33m[1m⚠️ Deprecated 'org.jetbrains.kotlin.android' plugin usage[0m[0m
[   +5 ms] The 'org.jetbrains.kotlin.android' plugin in project ':audio_session' is no longer required for Kotlin support since AGP 9.0.
[   +7 ms] [32m[1mSolution:[0m[0m
[   +3 ms] [32m[3mRemove both `android.builtInKotlin=true` and `android.newDsl=false` from `gradle.properties`, then migrate to built-in Kotlin.[0m[0m
[   +9 ms] [36mSee [0m[34mhttps://kotl.in/gradle/agp-built-in-kotlin[0m[36m for more details.[0m
[+1376 ms] > Configure project :jni
[   +7 ms] Evaluating project ':jni' using build file '/root/.pub-cache/hosted/pub.dev/jni-1.0.0/android/build.gradle'.
[   +6 ms] Using default execution profile
[   +5 ms] C/C++: android.ndkVersion from module build.gradle is [28.2.13676358]
[  +16 ms] C/C++: android.ndkPath from module build.gradle is not set
[   +8 ms] C/C++: ndk.dir in local.properties is not set
[   +5 ms] C/C++: Not considering ANDROID_NDK_HOME because support was removed after deprecation period.
[   +3 ms] C/C++: sdkFolder is /root/Android
[   +6 ms] C/C++: android.ndkVersion from module build.gradle is [28.2.13676358]
[   +3 ms] C/C++: android.ndkPath from module build.gradle is not set
[   +3 ms] C/C++: ndk.dir in local.properties is not set
[   +3 ms] C/C++: Not considering ANDROID_NDK_HOME because support was removed after deprecation period.
[   +3 ms] C/C++: sdkFolder is /root/Android
[   +3 ms] C/C++: android.ndkVersion from module build.gradle is [28.2.13676358]
[   +2 ms] C/C++: android.ndkPath from module build.gradle is not set
[   +3 ms] C/C++: ndk.dir in local.properties is not set
[   +3 ms] C/C++: Not considering ANDROID_NDK_HOME because support was removed after deprecation period.
[   +2 ms] C/C++: sdkFolder is /root/Android
[   +3 ms] C/C++: android.ndkVersion from module build.gradle is [28.2.13676358]
[   +3 ms] C/C++: android.ndkPath from module build.gradle is not set
[   +2 ms] C/C++: ndk.dir in local.properties is not set
[   +2 ms] C/C++: Not considering ANDROID_NDK_HOME because support was removed after deprecation period.
[   +1 ms] C/C++: sdkFolder is /root/Android
[   +2 ms] C/C++: android.ndkVersion from module build.gradle is [28.2.13676358]
[   +2 ms] C/C++: android.ndkPath from module build.gradle is not set
[   +1 ms] C/C++: ndk.dir in local.properties is not set
[   +1 ms] C/C++: Not considering ANDROID_NDK_HOME because support was removed after deprecation period.
[   +6 ms] C/C++: sdkFolder is /root/Android
[   +3 ms] C/C++: android.ndkVersion from module build.gradle is [28.2.13676358]
[   +4 ms] C/C++: android.ndkPath from module build.gradle is not set
[   +5 ms] C/C++: ndk.dir in local.properties is not set
[   +4 ms] C/C++: Not considering ANDROID_NDK_HOME because support was removed after deprecation period.
[   +3 ms] C/C++: sdkFolder is /root/Android
[   +4 ms] C/C++: android.ndkVersion from module build.gradle is [28.2.13676358]
[   +4 ms] C/C++: android.ndkPath from module build.gradle is not set
[   +3 ms] C/C++: ndk.dir in local.properties is not set
[   +7 ms] C/C++: Not considering ANDROID_NDK_HOME because support was removed after deprecation period.
[   +8 ms] C/C++: sdkFolder is /root/Android
[   +4 ms] C/C++: android.ndkVersion from module build.gradle is [28.2.13676358]
[   +7 ms] C/C++: android.ndkPath from module build.gradle is not set
[   +4 ms] C/C++: ndk.dir in local.properties is not set
[   +4 ms] C/C++: Not considering ANDROID_NDK_HOME because support was removed after deprecation period.
[   +7 ms] C/C++: sdkFolder is /root/Android
[   +4 ms] C/C++: android.ndkVersion from module build.gradle is [28.2.13676358]
[   +4 ms] C/C++: android.ndkPath from module build.gradle is not set
[   +3 ms] C/C++: ndk.dir in local.properties is not set
[   +7 ms] C/C++: Not considering ANDROID_NDK_HOME because support was removed after deprecation period.
[   +3 ms] C/C++: sdkFolder is /root/Android
[   +3 ms] C/C++: android.ndkVersion from module build.gradle is [28.2.13676358]
[   +2 ms] C/C++: android.ndkPath from module build.gradle is not set
[   +2 ms] C/C++: ndk.dir in local.properties is not set
[   +3 ms] C/C++: Not considering ANDROID_NDK_HOME because support was removed after deprecation period.
[   +2 ms] C/C++: sdkFolder is /root/Android
[   +3 ms] C/C++: android.ndkVersion from module build.gradle is [28.2.13676358]
[   +2 ms] C/C++: android.ndkPath from module build.gradle is not set
[   +2 ms] C/C++: ndk.dir in local.properties is not set
[   +2 ms] C/C++: Not considering ANDROID_NDK_HOME because support was removed after deprecation period.
[   +3 ms] C/C++: sdkFolder is /root/Android
[   +3 ms] C/C++: android.ndkVersion from module build.gradle is [28.2.13676358]
[   +7 ms] C/C++: android.ndkPath from module build.gradle is not set
[   +1 ms] C/C++: ndk.dir in local.properties is not set
[   +2 ms] C/C++: Not considering ANDROID_NDK_HOME because support was removed after deprecation period.
[   +2 ms] C/C++: sdkFolder is /root/Android
[   +4 ms] C/C++: android.ndkVersion from module build.gradle is [28.2.13676358]
[   +2 ms] C/C++: android.ndkPath from module build.gradle is not set
[   +2 ms] C/C++: ndk.dir in local.properties is not set
[   +2 ms] C/C++: Not considering ANDROID_NDK_HOME because support was removed after deprecation period.
[   +2 ms] C/C++: sdkFolder is /root/Android
[   +1 ms] C/C++: android.ndkVersion from module build.gradle is [28.2.13676358]
[   +2 ms] C/C++: android.ndkPath from module build.gradle is not set
[   +9 ms] C/C++: ndk.dir in local.properties is not set
[   +2 ms] C/C++: Not considering ANDROID_NDK_HOME because support was removed after deprecation period.
[   +2 ms] C/C++: sdkFolder is /root/Android
[   +2 ms] C/C++: android.ndkVersion from module build.gradle is [28.2.13676358]
[   +2 ms] C/C++: android.ndkPath from module build.gradle is not set
[   +3 ms] C/C++: ndk.dir in local.properties is not set
[   +2 ms] C/C++: Not considering ANDROID_NDK_HOME because support was removed after deprecation period.
[   +7 ms] C/C++: sdkFolder is /root/Android
[   +2 ms] C/C++: android.ndkVersion from module build.gradle is [28.2.13676358]
[   +3 ms] C/C++: android.ndkPath from module build.gradle is not set
[   +2 ms] C/C++: ndk.dir in local.properties is not set
[   +3 ms] C/C++: Not considering ANDROID_NDK_HOME because support was removed after deprecation period.
[   +3 ms] C/C++: sdkFolder is /root/Android
[   +2 ms] C/C++: android.ndkVersion from module build.gradle is [28.2.13676358]
[   +3 ms] C/C++: android.ndkPath from module build.gradle is not set
[   +2 ms] C/C++: ndk.dir in local.properties is not set
[   +2 ms] C/C++: Not considering ANDROID_NDK_HOME because support was removed after deprecation period.
[   +1 ms] C/C++: sdkFolder is /root/Android
[   +1 ms] C/C++: android.ndkVersion from module build.gradle is [28.2.13676358]
[   +1 ms] C/C++: android.ndkPath from module build.gradle is not set
[   +4 ms] C/C++: ndk.dir in local.properties is not set
[   +2 ms] C/C++: Not considering ANDROID_NDK_HOME because support was removed after deprecation period.
[   +2 ms] C/C++: sdkFolder is /root/Android
[   +1 ms] C/C++: android.ndkVersion from module build.gradle is [28.2.13676358]
[   +2 ms] C/C++: android.ndkPath from module build.gradle is not set
[   +2 ms] C/C++: ndk.dir in local.properties is not set
[   +5 ms] C/C++: Not considering ANDROID_NDK_HOME because support was removed after deprecation period.
[   +2 ms] C/C++: sdkFolder is /root/Android
[   +2 ms] w: [33m[1m⚠️ Deprecated 'org.jetbrains.kotlin.android' plugin usage[0m[0m
[   +2 ms] The 'org.jetbrains.kotlin.android' plugin in project ':jni' is no longer required for Kotlin support since AGP 9.0.
[   +1 ms] [32m[1mSolution:[0m[0m
[   +2 ms] [32m[3mRemove both `android.builtInKotlin=true` and `android.newDsl=false` from `gradle.properties`, then migrate to built-in Kotlin.[0m[0m
[   +1 ms] [36mSee [0m[34mhttps://kotl.in/gradle/agp-built-in-kotlin[0m[36m for more details.[0m
[ +506 ms] > Configure project :jni_flutter
[   +4 ms] Evaluating project ':jni_flutter' using build file '/root/.pub-cache/hosted/pub.dev/jni_flutter-1.0.1/android/build.gradle'.
[   +3 ms] Using default execution profile
[   +3 ms] w: [33m[1m⚠️ Deprecated 'org.jetbrains.kotlin.android' plugin usage[0m[0m
[   +3 ms] The 'org.jetbrains.kotlin.android' plugin in project ':jni_flutter' is no longer required for Kotlin support since AGP 9.0.
[   +9 ms] [32m[1mSolution:[0m[0m
[   +4 ms] [32m[3mRemove both `android.builtInKotlin=true` and `android.newDsl=false` from `gradle.properties`, then migrate to built-in Kotlin.[0m[0m
[   +2 ms] [36mSee [0m[34mhttps://kotl.in/gradle/agp-built-in-kotlin[0m[36m for more details.[0m
[+1966 ms] > Configure project :just_audio
[   +4 ms] Evaluating project ':just_audio' using build file '/root/.pub-cache/hosted/pub.dev/just_audio-0.10.6/android/build.gradle.kts'.
[   +1 ms] Resolved plugin [id: 'com.android.library']
[   +2 ms] Using default execution profile
[+2694 ms] w: [33m[1m⚠️ Deprecated 'org.jetbrains.kotlin.android' plugin usage[0m[0m
[   +7 ms] The 'org.jetbrains.kotlin.android' plugin in project ':just_audio' is no longer required for Kotlin support since AGP 9.0.
[   +3 ms] [32m[1mSolution:[0m[0m
[   +2 ms] [32m[3mRemove both `android.builtInKotlin=true` and `android.newDsl=false` from `gradle.properties`, then migrate to built-in Kotlin.[0m[0m
[   +2 ms] [36mSee [0m[34mhttps://kotl.in/gradle/agp-built-in-kotlin[0m[36m for more details.[0m
[   +3 ms] All projects evaluated.
[   +3 ms] Task name matched 'assembleRelease'
[   +3 ms] Selected primary task 'assembleRelease' from project :
[+1777 ms] Tasks to be executed: [task ':app:ReleaseMinSdkCheck', task ':app:preBuild', task ':app:preReleaseBuild', task ':app:configureCMakeRelease[arm64-v8a]', task ':app:buildCMakeRelease[arm64-v8a]', task ':app:configureCMakeRelease[armeabi-v7a]', task ':app:buildCMakeRelease[armeabi-v7a]', task ':app:configureCMakeRelease[x86_64]', task ':app:buildCMakeRelease[x86_64]', task ':app:compileFlutterBuildRelease', task ':app:copyJniLibsflutterBuildRelease', task ':app:mergeReleaseJniLibFolders', task ':audio_session:preBuild', task ':audio_session:preReleaseBuild', task ':audio_session:mergeReleaseJniLibFolders', task ':audio_session:mergeReleaseNativeLibs', task ':audio_session:copyReleaseJniLibsProjectOnly', task ':jni:preBuild', task ':jni:preReleaseBuild', task ':jni:configureCMakeRelWithDebInfo[arm64-v8a]', task ':jni:buildCMakeRelWithDebInfo[arm64-v8a]', task ':jni:configureCMakeRelWithDebInfo[armeabi-v7a]', task ':jni:buildCMakeRelWithDebInfo[armeabi-v7a]', task ':jni:configureCMakeRelWithDebInfo[x86]', task ':jni:buildCMakeRelWithDebInfo[x86]', task ':jni:configureCMakeRelWithDebInfo[x86_64]', task ':jni:buildCMakeRelWithDebInfo[x86_64]', task ':jni:mergeReleaseJniLibFolders', task ':jni:mergeReleaseNativeLibs', task ':jni:copyReleaseJniLibsProjectOnly', task ':jni_flutter:preBuild', task ':jni_flutter:preReleaseBuild', task ':jni_flutter:mergeReleaseJniLibFolders', task ':jni_flutter:mergeReleaseNativeLibs', task ':jni_flutter:copyReleaseJniLibsProjectOnly', task ':just_audio:preBuild', task ':just_audio:preReleaseBuild', task ':just_audio:mergeReleaseJniLibFolders', task ':just_audio:mergeReleaseNativeLibs', task ':just_audio:copyReleaseJniLibsProjectOnly', task ':app:mergeReleaseNativeLibs', task ':app:stripReleaseDebugSymbols', task ':app:extractReleaseNativeSymbolTables', task ':app:mergeReleaseNativeDebugMetadata', task ':audio_session:checkKotlinGradlePluginConfigurationErrors', task ':audio_session:generateReleaseResources', task ':audio_session:packageReleaseResources', task ':audio_session:processReleaseNavigationResources', task ':audio_session:parseReleaseLocalResources', task ':audio_session:generateReleaseRFile', task ':audio_session:compileReleaseKotlin', task ':audio_session:javaPreCompileRelease', task ':audio_session:compileReleaseJavaWithJavac', task ':audio_session:bundleLibCompileToJarRelease', task ':just_audio:checkKotlinGradlePluginConfigurationErrors', task ':just_audio:generateReleaseResources', task ':just_audio:packageReleaseResources', task ':just_audio:processReleaseNavigationResources', task ':just_audio:parseReleaseLocalResources', task ':just_audio:generateReleaseRFile', task ':just_audio:compileReleaseKotlin', task ':just_audio:javaPreCompileRelease', task ':just_audio:compileReleaseJavaWithJavac', task ':just_audio:mergeReleaseGeneratedProguardFiles', task ':just_audio:exportReleaseConsumerProguardFiles', task ':audio_session:mergeReleaseGeneratedProguardFiles', task ':audio_session:exportReleaseConsumerProguardFiles', task ':jni:checkKotlinGradlePluginConfigurationErrors', task ':jni:generateReleaseResources', task ':jni:packageReleaseResources', task ':jni:processReleaseNavigationResources', task ':jni:parseReleaseLocalResources', task ':jni:generateReleaseRFile', task ':jni:compileReleaseKotlin', task ':jni:javaPreCompileRelease', task ':jni:compileReleaseJavaWithJavac', task ':jni:bundleLibCompileToJarRelease', task ':jni_flutter:checkKotlinGradlePluginConfigurationErrors', task ':jni_flutter:generateReleaseResources', task ':jni_flutter:packageReleaseResources', task ':jni_flutter:processReleaseNavigationResources', task ':jni_flutter:parseReleaseLocalResources', task ':jni_flutter:generateReleaseRFile', task ':jni_flutter:compileReleaseKotlin', task ':jni_flutter:javaPreCompileRelease', task ':jni_flutter:compileReleaseJavaWithJavac', task ':jni_flutter:mergeReleaseGeneratedProguardFiles', task ':jni_flutter:exportReleaseConsumerProguardFiles', task ':jni:mergeReleaseGeneratedProguardFiles', task ':jni:exportReleaseConsumerProguardFiles', task ':app:buildKotlinToolingMetadata', task ':app:checkReleaseDuplicateClasses', task ':app:checkKotlinGradlePluginConfigurationErrors', task ':app:cleanMergeReleaseAssets', task ':app:generateReleaseAssets', task ':audio_session:generateReleaseAssets', task ':audio_session:mergeReleaseAssets', task ':jni:generateReleaseAssets', task ':jni:mergeReleaseAssets', task ':jni_flutter:generateReleaseAssets', task ':jni_flutter:mergeReleaseAssets', task ':just_audio:generateReleaseAssets', task ':just_audio:mergeReleaseAssets', task ':app:mergeReleaseAssets', task ':app:copyFlutterAssetsRelease', task ':app:generateReleaseResources', task ':app:packageReleaseResources', task ':app:processReleaseNavigationResources', task ':app:parseReleaseLocalResources', task ':app:generateReleaseRFile', task ':jni_flutter:bundleLibCompileToJarRelease', task ':just_audio:bundleLibCompileToJarRelease', task ':app:compileReleaseKotlin', task ':app:javaPreCompileRelease', task ':app:compileReleaseJavaWithJavac', task ':audio_session:prepareReleaseArtProfile', task ':jni:prepareReleaseArtProfile', task ':jni_flutter:prepareReleaseArtProfile', task ':just_audio:prepareReleaseArtProfile', task ':app:mergeReleaseArtProfile', task ':audio_session:writeReleaseAarMetadata', task ':jni:writeReleaseAarMetadata', task ':jni_flutter:writeReleaseAarMetadata', task ':just_audio:writeReleaseAarMetadata', task ':app:checkReleaseAarMetadata', task ':app:compileReleaseNavigationResources', task ':app:mapReleaseSourceSetPaths', task ':app:mergeReleaseResources', task ':app:createReleaseCompatibleScreenManifests', task ':app:extractDeepLinksRelease', task ':audio_session:extractDeepLinksRelease', task ':audio_session:processReleaseManifest', task ':jni:extractDeepLinksRelease', task ':jni:processReleaseManifest', task ':jni_flutter:extractDeepLinksRelease', task ':jni_flutter:processReleaseManifest', task ':just_audio:extractDeepLinksRelease', task ':just_audio:processReleaseManifest', task ':app:processReleaseMainManifest', task ':app:outputReleaseAppLinkSettings', task ':app:processReleaseManifest', task ':app:processReleaseManifestForPackage', task ':app:processReleaseResources', task ':audio_session:bundleLibRuntimeToJarRelease', task ':jni:bundleLibRuntimeToJarRelease', task ':jni_flutter:bundleLibRuntimeToJarRelease', task ':just_audio:bundleLibRuntimeToJarRelease', task ':app:expandReleaseArtProfileWildcards', task ':app:extractProguardFiles', task ':app:mergeReleaseGeneratedProguardFiles', task ':app:processReleaseJavaRes', task ':audio_session:processReleaseJavaRes', task ':jni:processReleaseJavaRes', task ':jni_flutter:processReleaseJavaRes', task ':just_audio:processReleaseJavaRes', task ':app:mergeReleaseJavaResource', task ':app:mergeReleaseStartupProfile', task ':app:minifyReleaseWithR8', task ':app:compileReleaseArtProfile', task ':app:compressReleaseAssets', task ':app:extractReleaseVersionControlInfo', task ':audio_session:createFullJarRelease', task ':audio_session:extractProguardFiles', task ':audio_session:generateReleaseLintModel', task ':audio_session:prepareLintJarForPublish', task ':jni:createFullJarRelease', task ':jni:extractProguardFiles', task ':jni:generateReleaseLintModel', task ':jni:prepareLintJarForPublish', task ':jni_flutter:createFullJarRelease', task ':jni_flutter:extractProguardFiles', task ':jni_flutter:generateReleaseLintModel', task ':jni_flutter:prepareLintJarForPublish', task ':just_audio:createFullJarRelease', task ':just_audio:extractProguardFiles', task ':just_audio:generateReleaseLintModel', task ':just_audio:prepareLintJarForPublish', task ':app:generateReleaseLintVitalReportModel', task ':just_audio:checkReleaseAarMetadata', task ':just_audio:stripReleaseDebugSymbols', task ':just_audio:copyReleaseJniLibsProjectAndLocalJars', task ':just_audio:extractDeepLinksForAarRelease', task ':just_audio:extractReleaseAnnotations', task ':just_audio:mergeReleaseConsumerProguardFiles', task ':just_audio:mergeReleaseJavaResource', task ':just_audio:syncReleaseLibJars', task ':just_audio:bundleReleaseLocalLintAar', task ':audio_session:checkReleaseAarMetadata', task ':audio_session:stripReleaseDebugSymbols', task ':audio_session:copyReleaseJniLibsProjectAndLocalJars', task ':audio_session:extractDeepLinksForAarRelease', task ':audio_session:extractReleaseAnnotations', task ':audio_session:mergeReleaseConsumerProguardFiles', task ':audio_session:mergeReleaseJavaResource', task ':audio_session:syncReleaseLibJars', task ':audio_session:bundleReleaseLocalLintAar', task ':jni_flutter:checkReleaseAarMetadata', task ':jni_flutter:stripReleaseDebugSymbols', task ':jni_flutter:copyReleaseJniLibsProjectAndLocalJars', task ':jni_flutter:extractDeepLinksForAarRelease', task ':jni_flutter:extractReleaseAnnotations', task ':jni_flutter:mergeReleaseConsumerProguardFiles', task ':jni_flutter:mergeReleaseJavaResource', task ':jni_flutter:syncReleaseLibJars', task ':jni_flutter:bundleReleaseLocalLintAar', task ':jni:checkReleaseAarMetadata', task ':jni:stripReleaseDebugSymbols', task ':jni:copyReleaseJniLibsProjectAndLocalJars', task ':jni:extractDeepLinksForAarRelease', task ':jni:extractReleaseAnnotations', task ':jni:mergeReleaseConsumerProguardFiles', task ':jni:mergeReleaseJavaResource', task ':jni:syncReleaseLibJars', task ':jni:bundleReleaseLocalLintAar', task ':audio_session:lintVitalAnalyzeRelease', task ':audio_session:writeReleaseLintModelMetadata', task ':jni:lintVitalAnalyzeRelease', task ':jni:writeReleaseLintModelMetadata', task ':jni_flutter:lintVitalAnalyzeRelease', task ':jni_flutter:writeReleaseLintModelMetadata', task ':just_audio:lintVitalAnalyzeRelease', task ':just_audio:writeReleaseLintModelMetadata', task ':app:lintVitalAnalyzeRelease', task ':audio_session:generateReleaseLintVitalModel', task ':jni:generateReleaseLintVitalModel', task ':jni_flutter:generateReleaseLintVitalModel', task ':just_audio:generateReleaseLintVitalModel', task ':app:lintVitalReportRelease', task ':app:lintVitalRelease', task ':app:convertShrunkResourcesToBinaryRelease', task ':app:optimizeReleaseResources', task ':app:collectReleaseDependencies', task ':app:sdkReleaseDependencyData', task ':app:validateSigningRelease', task ':app:writeReleaseAppMetadata', task ':app:writeReleaseSigningConfigVersions', task ':app:packageRelease', task ':app:createReleaseApkListingFileRedirect', task ':app:assembleRelease', task ':audio_session:bundleReleaseAar', task ':audio_session:compileReleaseNavigationResources', task ':audio_session:mapReleaseSourceSetPaths', task ':audio_session:mergeReleaseResources', task ':audio_session:verifyReleaseResources', task ':audio_session:assembleRelease', task ':jni:bundleReleaseAar', task ':jni:compileReleaseNavigationResources', task ':jni:mapReleaseSourceSetPaths', task ':jni:mergeReleaseResources', task ':jni:verifyReleaseResources', task ':jni:assembleRelease', task ':jni_flutter:bundleReleaseAar', task ':jni:compileReleaseLibraryResources', task ':jni_flutter:compileReleaseNavigationResources', task ':jni_flutter:mapReleaseSourceSetPaths', task ':jni_flutter:mergeReleaseResources', task ':jni_flutter:verifyReleaseResources', task ':jni_flutter:assembleRelease', task ':just_audio:bundleReleaseAar', task ':audio_session:compileReleaseLibraryResources', task ':just_audio:compileReleaseNavigationResources', task ':just_audio:mapReleaseSourceSetPaths', task ':just_audio:mergeReleaseResources', task ':just_audio:verifyReleaseResources', task ':just_audio:assembleRelease']
[   +3 ms] Tasks that were excluded: []
[   +3 ms] work action Parameters of FilterShrinkerRulesTransform (Thread[#416,included builds Thread 2,5,main]) started.
[   +2 ms] work action Parameters of ExtractAarTransform (Thread[#416,included builds Thread 2,5,main]) started.
[   +1 ms] work action Parameters of ExtractAarTransform (Thread[#416,included builds Thread 2,5,main]) started.
[   +1 ms] work action Parameters of ExtractAarTransform (Thread[#416,included builds Thread 2,5,main]) started.
[  +86 ms] Resolve mutations for :app:ReleaseMinSdkCheck (Thread[#416,included builds Thread 2,5,main]) started.
[   +3 ms] :app:ReleaseMinSdkCheck (Thread[#361,Execution worker Thread 7,5,main]) started.
[   +3 ms] > Task :app:ReleaseMinSdkCheck
[   +4 ms] Caching disabled for task ':app:ReleaseMinSdkCheck' because:
[   +3 ms]   Build cache is disabled
[   +3 ms] Task ':app:ReleaseMinSdkCheck' is not up-to-date because:
[   +5 ms]   Task has not declared any outputs despite executing actions.
[   +5 ms] Resolve mutations for :app:preBuild (Thread[#361,Execution worker Thread 7,5,main]) started.
[   +3 ms] :app:preBuild (Thread[#361,Execution worker Thread 7,5,main]) started.
[   +3 ms] > Task :app:preBuild UP-TO-DATE
[   +2 ms] Skipping task ':app:preBuild' as it has no actions.
[   +2 ms] Resolve mutations for :app:preReleaseBuild (Thread[#361,Execution worker Thread 7,5,main]) started.
[   +3 ms] :app:preReleaseBuild (Thread[#361,Execution worker Thread 7,5,main]) started.
[   +3 ms] > Task :app:preReleaseBuild UP-TO-DATE
[   +2 ms] Skipping task ':app:preReleaseBuild' as it has no actions.
[   +2 ms] Resolve mutations for :app:configureCMakeRelease[arm64-v8a] (Thread[#361,Execution worker Thread 7,5,main]) started.
[   +2 ms] :app:configureCMakeRelease[arm64-v8a] (Thread[#361,Execution worker Thread 7,5,main]) started.
[ +346 ms] > Task :app:configureCMakeRelease[arm64-v8a] FAILED
[   +4 ms] Caching disabled for task ':app:configureCMakeRelease[arm64-v8a]' because:
[   +2 ms]   Build cache is disabled
[   +2 ms]   Caching has been disabled for the task
[   +2 ms] Task ':app:configureCMakeRelease[arm64-v8a]' is not up-to-date because:
[   +1 ms]   Task.upToDateWhen is false.
[   +2 ms] C/C++: /root/flutter/packages/flutter_tools/gradle/src/main/scripts/CMakeLists.txt release|arm64-v8a : Start JSON generation. Platform version: 24 min SDK version: arm64-v8a
[   +2 ms] C/C++: /root/flutter/packages/flutter_tools/gradle/src/main/scripts/CMakeLists.txt release|arm64-v8a : rebuilding JSON /data/data/com.termux/files/home/llano_music_app/build/.cxx/release/3z40134w/arm64-v8a/android_gradle_build.json due to:
[   +2 ms] C/C++: /root/flutter/packages/flutter_tools/gradle/src/main/scripts/CMakeLists.txt release|arm64-v8a : - no fingerprint file, will remove stale configuration folder
[   +2 ms] C/C++: /root/flutter/packages/flutter_tools/gradle/src/main/scripts/CMakeLists.txt release|arm64-v8a : removing stale contents from '/data/data/com.termux/files/home/llano_music_app/build/.cxx/release/3z40134w/arm64-v8a'
[   +2 ms] C/C++: /root/flutter/packages/flutter_tools/gradle/src/main/scripts/CMakeLists.txt release|arm64-v8a : created folder '/data/data/com.termux/files/home/llano_music_app/build/.cxx/release/3z40134w/arm64-v8a'
[   +3 ms] C/C++: /root/flutter/packages/flutter_tools/gradle/src/main/scripts/CMakeLists.txt release|arm64-v8a : executing cmake /root/Android/cmake/3.22.1/bin/cmake \
[   +1 ms]   -H/root/flutter/packages/flutter_tools/gradle/src/main/scripts \
[   +2 ms]   -DCMAKE_SYSTEM_NAME=Android \
[   +3 ms]   -DCMAKE_EXPORT_COMPILE_COMMANDS=ON \
[   +1 ms]   -DCMAKE_SYSTEM_VERSION=24 \
[   +3 ms]   -DANDROID_PLATFORM=android-24 \
[   +2 ms]   -DANDROID_ABI=arm64-v8a \
[   +1 ms]   -DCMAKE_ANDROID_ARCH_ABI=arm64-v8a \
[   +1 ms]   -DANDROID_NDK=/root/Android/ndk/28.2.13676358 \
[   +3 ms]   -DCMAKE_ANDROID_NDK=/root/Android/ndk/28.2.13676358 \
[   +2 ms]   -DCMAKE_TOOLCHAIN_FILE=/root/Android/ndk/28.2.13676358/build/cmake/android.toolchain.cmake \
[   +3 ms]   -DCMAKE_MAKE_PROGRAM=/root/Android/cmake/3.22.1/bin/ninja \
[   +2 ms]   -DCMAKE_LIBRARY_OUTPUT_DIRECTORY=/data/data/com.termux/files/home/llano_music_app/build/app/intermediates/cxx/release/3z40134w/obj/arm64-v8a \
[   +1 ms]   -DCMAKE_RUNTIME_OUTPUT_DIRECTORY=/data/data/com.termux/files/home/llano_music_app/build/app/intermediates/cxx/release/3z40134w/obj/arm64-v8a \
[   +1 ms]   -B/data/data/com.termux/files/home/llano_music_app/build/.cxx/release/3z40134w/arm64-v8a \
[   +3 ms]   -GNinja \
[   +1 ms]   -Wno-dev \
[   +1 ms]   --no-warn-unused-cli \
[   +2 ms]   -DCMAKE_BUILD_TYPE=release
[   +2 ms] C/C++: /root/flutter/packages/flutter_tools/gradle/src/main/scripts/CMakeLists.txt release|arm64-v8a : /root/Android/cmake/3.22.1/bin/cmake \
[   +3 ms]   -H/root/flutter/packages/flutter_tools/gradle/src/main/scripts \
[   +4 ms]   -DCMAKE_SYSTEM_NAME=Android \
[   +1 ms]   -DCMAKE_EXPORT_COMPILE_COMMANDS=ON \
[   +3 ms]   -DCMAKE_SYSTEM_VERSION=24 \
[   +3 ms]   -DANDROID_PLATFORM=android-24 \
[   +3 ms]   -DANDROID_ABI=arm64-v8a \
[   +4 ms]   -DCMAKE_ANDROID_ARCH_ABI=arm64-v8a \
[   +9 ms]   -DANDROID_NDK=/root/Android/ndk/28.2.13676358 \
[   +4 ms]   -DCMAKE_ANDROID_NDK=/root/Android/ndk/28.2.13676358 \
[   +4 ms]   -DCMAKE_TOOLCHAIN_FILE=/root/Android/ndk/28.2.13676358/build/cmake/android.toolchain.cmake \
[   +3 ms]   -DCMAKE_MAKE_PROGRAM=/root/Android/cmake/3.22.1/bin/ninja \
[   +2 ms]   -DCMAKE_LIBRARY_OUTPUT_DIRECTORY=/data/data/com.termux/files/home/llano_music_app/build/app/intermediates/cxx/release/3z40134w/obj/arm64-v8a \
[   +2 ms]   -DCMAKE_RUNTIME_OUTPUT_DIRECTORY=/data/data/com.termux/files/home/llano_music_app/build/app/intermediates/cxx/release/3z40134w/obj/arm64-v8a \
[   +2 ms]   -B/data/data/com.termux/files/home/llano_music_app/build/.cxx/release/3z40134w/arm64-v8a \
[   +2 ms]   -GNinja \
[   +2 ms]   -Wno-dev \
[   +3 ms]   --no-warn-unused-cli \
[   +3 ms]   -DCMAKE_BUILD_TYPE=release
[   +4 ms] Starting process 'command '/root/Android/cmake/3.22.1/bin/cmake''. Working directory: /data/data/com.termux/files/home/llano_music_app/android/app Command: /root/Android/cmake/3.22.1/bin/cmake -H/root/flutter/packages/flutter_tools/gradle/src/main/scripts -DCMAKE_SYSTEM_NAME=Android -DCMAKE_EXPORT_COMPILE_COMMANDS=ON -DCMAKE_SYSTEM_VERSION=24 -DANDROID_PLATFORM=android-24 -DANDROID_ABI=arm64-v8a -DCMAKE_ANDROID_ARCH_ABI=arm64-v8a -DANDROID_NDK=/root/Android/ndk/28.2.13676358 -DCMAKE_ANDROID_NDK=/root/Android/ndk/28.2.13676358 -DCMAKE_TOOLCHAIN_FILE=/root/Android/ndk/28.2.13676358/build/cmake/android.toolchain.cmake -DCMAKE_MAKE_PROGRAM=/root/Android/cmake/3.22.1/bin/ninja -DCMAKE_LIBRARY_OUTPUT_DIRECTORY=/data/data/com.termux/files/home/llano_music_app/build/app/intermediates/cxx/release/3z40134w/obj/arm64-v8a -DCMAKE_RUNTIME_OUTPUT_DIRECTORY=/data/data/com.termux/files/home/llano_music_app/build/app/intermediates/cxx/release/3z40134w/obj/arm64-v8a -B/data/data/com.termux/files/home/llano_music_app/build/.cxx/release/3z40134w/arm64-v8a -GNinja -Wno-dev --no-warn-unused-cli -DCMAKE_BUILD_TYPE=release
[   +3 ms] C/C++: /root/flutter/packages/flutter_tools/gradle/src/main/scripts/CMakeLists.txt release|arm64-v8a : JSON generation completed with problem. Exception: org.gradle.process.ProcessExecutionException: A problem occurred starting process 'command '/root/Android/cmake/3.22.1/bin/cmake''
[   +3 ms] C/C++: /root/flutter/packages/flutter_tools/gradle/src/main/scripts/CMakeLists.txt release|arm64-v8a : Writing build model to /data/data/com.termux/files/home/llano_music_app/build/app/intermediates/cxx/release/3z40134w/logs/arm64-v8a/build_model.json
[   +5 ms] Build beab5cf2-3b77-4237-95fc-afb5a922a3b1 is closed
[   +2 ms] Build 359d9334-e155-480e-a5a9-ca4680e84638 is closed
[   +2 ms] [Incubating] Problems report is available at: file:///data/data/com.termux/files/home/llano_music_app/build/reports/problems/problems-report.html
[  +15 ms] FAILURE: Build failed with an exception.
[   +8 ms] * What went wrong:
[   +5 ms] Execution failed for task ':app:configureCMakeRelease[arm64-v8a]'.
[   +6 ms] > [CXX1428] exception while building Json A problem occurred starting process 'command '/root/Android/cmake/3.22.1/bin/cmake'' : org.gradle.process.ProcessExecutionException: A problem occurred starting process 'command '/root/Android/cmake/3.22.1/bin/cmake''
[   +8 ms]   	at org.gradle.process.internal.DefaultExecHandle.execExceptionFor(DefaultExecHandle.java:242)
[   +7 ms]   	at org.gradle.process.internal.DefaultExecHandle.setEndStateInfo(DefaultExecHandle.java:219)
[  +14 ms]   	at org.gradle.process.internal.DefaultExecHandle.failed(DefaultExecHandle.java:404)
[   +2 ms]   	at org.gradle.process.internal.ExecHandleRunner.lambda$run$3(ExecHandleRunner.java:132)
[   +3 ms]   	at org.gradle.internal.operations.CurrentBuildOperationRef.with(CurrentBuildOperationRef.java:84)
[   +3 ms]   	at org.gradle.process.internal.ExecHandleRunner.run(ExecHandleRunner.java:131)
[   +3 ms]   	at org.gradle.internal.concurrent.ExecutorPolicy$CatchAndRecordFailures.onExecute(ExecutorPolicy.java:64)
[   +2 ms]   	at org.gradle.internal.concurrent.AbstractManagedExecutor$1.run(AbstractManagedExecutor.java:47)
[   +3 ms]   	at java.base/java.util.concurrent.ThreadPoolExecutor.runWorker(ThreadPoolExecutor.java:1144)
[   +6 ms]   	at java.base/java.util.concurrent.ThreadPoolExecutor$Worker.run(ThreadPoolExecutor.java:642)
[   +3 ms]   	at java.base/java.lang.Thread.run(Thread.java:1583)
[   +4 ms]   Caused by: net.rubygrapefruit.platform.NativeException: Could not start '/root/Android/cmake/3.22.1/bin/cmake'
[   +5 ms]   	at net.rubygrapefruit.platform.internal.DefaultProcessLauncher.start(DefaultProcessLauncher.java:27)
[   +4 ms]   	at net.rubygrapefruit.platform.internal.WrapperProcessLauncher.start(WrapperProcessLauncher.java:36)
[   +4 ms]   	at org.gradle.process.internal.ExecHandleRunner.startProcess(ExecHandleRunner.java:152)
[   +2 ms]   	at org.gradle.process.internal.ExecHandleRunner.lambda$run$0(ExecHandleRunner.java:110)
[   +2 ms]   	at org.gradle.internal.operations.CurrentBuildOperationRef.with(CurrentBuildOperationRef.java:84)
[   +1 ms]   	at org.gradle.process.internal.ExecHandleRunner.run(ExecHandleRunner.java:109)
[   +1 ms]   	... 5 more
[   +2 ms]   Caused by: java.io.IOException: Cannot run program "/root/Android/cmake/3.22.1/bin/cmake" (in directory "/data/data/com.termux/files/home/llano_music_app/android/app"): Exec failed, error: 2 (No such file or directory) 
[   +1 ms]   	at java.base/java.lang.ProcessBuilder.start(ProcessBuilder.java:1170)
[   +1 ms]   	at java.base/java.lang.ProcessBuilder.start(ProcessBuilder.java:1089)
[   +1 ms]   	at net.rubygrapefruit.platform.internal.DefaultProcessLauncher.start(DefaultProcessLauncher.java:25)
[        ]   	... 10 more
[   +1 ms]   Caused by: java.io.IOException: Exec failed, error: 2 (No such file or directory) 
[   +1 ms]   	at java.base/java.lang.ProcessImpl.forkAndExec(Native Method)
[   +1 ms]   	at java.base/java.lang.ProcessImpl.<init>(ProcessImpl.java:295)
[   +1 ms]   	at java.base/java.lang.ProcessImpl.start(ProcessImpl.java:225)
[   +2 ms]   	at java.base/java.lang.ProcessBuilder.start(ProcessBuilder.java:1126)
[   +3 ms]   	... 12 more
[   +2 ms] * Try:
[   +1 ms] > Run with --debug option to get more log output.
[   +1 ms] > Run with --scan to generate a Build Scan (Powered by Develocity).
[   +2 ms] > Get more help at https://help.gradle.org.
[   +2 ms] * Exception is:
[   +1 ms] org.gradle.api.tasks.TaskExecutionException: Execution failed for task ':app:configureCMakeRelease[arm64-v8a]'.
[   +2 ms] 	at org.gradle.api.internal.tasks.execution.ExecuteActionsTaskExecuter.lambda$executeIfValid$1(ExecuteActionsTaskExecuter.java:135)
[   +1 ms] 	at org.gradle.internal.Try$Failure.ifSuccessfulOrElse(Try.java:288)
[   +1 ms] 	at org.gradle.api.internal.tasks.execution.ExecuteActionsTaskExecuter.executeIfValid(ExecuteActionsTaskExecuter.java:133)
[   +2 ms] 	at org.gradle.api.internal.tasks.execution.ExecuteActionsTaskExecuter.execute(ExecuteActionsTaskExecuter.java:121)
[   +1 ms] 	at org.gradle.api.internal.tasks.execution.ProblemsTaskPathTrackingTaskExecuter.execute(ProblemsTaskPathTrackingTaskExecuter.java:41)
[   +1 ms] 	at org.gradle.api.internal.tasks.execution.FinalizePropertiesTaskExecuter.execute(FinalizePropertiesTaskExecuter.java:46)
[   +3 ms] 	at org.gradle.api.internal.tasks.execution.ResolveTaskExecutionModeExecuter.execute(ResolveTaskExecutionModeExecuter.java:51)
[   +2 ms] 	at org.gradle.api.internal.tasks.execution.SkipTaskWithNoActionsExecuter.execute(SkipTaskWithNoActionsExecuter.java:57)
[   +3 ms] 	at org.gradle.api.internal.tasks.execution.SkipOnlyIfTaskExecuter.execute(SkipOnlyIfTaskExecuter.java:74)
[   +3 ms] 	at org.gradle.api.internal.tasks.execution.CatchExceptionTaskExecuter.execute(CatchExceptionTaskExecuter.java:36)
[   +2 ms] 	at org.gradle.api.internal.tasks.execution.EventFiringTaskExecuter$1.executeTask(EventFiringTaskExecuter.java:77)
[   +2 ms] 	at org.gradle.api.internal.tasks.execution.EventFiringTaskExecuter$1.call(EventFiringTaskExecuter.java:55)
[   +1 ms] 	at org.gradle.api.internal.tasks.execution.EventFiringTaskExecuter$1.call(EventFiringTaskExecuter.java:52)
[   +1 ms] 	at org.gradle.internal.operations.DefaultBuildOperationRunner$CallableBuildOperationWorker.execute(DefaultBuildOperationRunner.java:209)
[   +1 ms] 	at org.gradle.internal.operations.DefaultBuildOperationRunner$CallableBuildOperationWorker.execute(DefaultBuildOperationRunner.java:204)
[   +1 ms] 	at org.gradle.internal.operations.DefaultBuildOperationRunner$2.execute(DefaultBuildOperationRunner.java:66)
[   +2 ms] 	at org.gradle.internal.operations.DefaultBuildOperationRunner$2.execute(DefaultBuildOperationRunner.java:59)
[   +3 ms] 	at org.gradle.internal.operations.DefaultBuildOperationRunner.execute(DefaultBuildOperationRunner.java:166)
[   +3 ms] 	at org.gradle.internal.operations.DefaultBuildOperationRunner.execute(DefaultBuildOperationRunner.java:59)
[   +3 ms] 	at org.gradle.internal.operations.DefaultBuildOperationRunner.call(DefaultBuildOperationRunner.java:53)
[   +3 ms] 	at org.gradle.api.internal.tasks.execution.EventFiringTaskExecuter.execute(EventFiringTaskExecuter.java:52)
[   +2 ms] 	at org.gradle.execution.plan.LocalTaskNodeExecutor.execute(LocalTaskNodeExecutor.java:45)
[   +4 ms] 	at org.gradle.execution.taskgraph.DefaultTaskExecutionGraph$InvokeNodeExecutorsAction.execute(DefaultTaskExecutionGraph.java:355)
[   +5 ms] 	at org.gradle.execution.taskgraph.DefaultTaskExecutionGraph$InvokeNodeExecutorsAction.execute(DefaultTaskExecutionGraph.java:342)
[   +2 ms] 	at org.gradle.execution.taskgraph.DefaultTaskExecutionGraph$BuildOperationAwareExecutionAction.lambda$execute$0(DefaultTaskExecutionGraph.java:338)
[   +2 ms] 	at org.gradle.internal.operations.CurrentBuildOperationRef.with(CurrentBuildOperationRef.java:84)
[   +2 ms] 	at org.gradle.execution.taskgraph.DefaultTaskExecutionGraph$BuildOperationAwareExecutionAction.execute(DefaultTaskExecutionGraph.java:338)
[   +4 ms] 	at org.gradle.execution.taskgraph.DefaultTaskExecutionGraph$BuildOperationAwareExecutionAction.execute(DefaultTaskExecutionGraph.java:327)
[   +3 ms] 	at org.gradle.execution.plan.DefaultPlanExecutor$ExecutorWorker.execute(DefaultPlanExecutor.java:459)
[   +2 ms] 	at org.gradle.execution.plan.DefaultPlanExecutor$ExecutorWorker.run(DefaultPlanExecutor.java:376)
[   +3 ms] 	at org.gradle.internal.concurrent.ExecutorPolicy$CatchAndRecordFailures.onExecute(ExecutorPolicy.java:64)
[   +2 ms] 	at org.gradle.internal.concurrent.AbstractManagedExecutor$1.run(AbstractManagedExecutor.java:47)
[   +2 ms] 	at java.base/java.util.concurrent.ThreadPoolExecutor.runWorker(ThreadPoolExecutor.java:1144)
[   +2 ms] 	at java.base/java.util.concurrent.ThreadPoolExecutor$Worker.run(ThreadPoolExecutor.java:642)
[   +3 ms] 	at java.base/java.lang.Thread.run(Thread.java:1583)
[   +5 ms] Caused by: com.android.builder.errors.EvalIssueException: [CXX1428] exception while building Json A problem occurred starting process 'command '/root/Android/cmake/3.22.1/bin/cmake'' : org.gradle.process.ProcessExecutionException: A problem occurred starting process 'command '/root/Android/cmake/3.22.1/bin/cmake''
[   +5 ms] 	at org.gradle.process.internal.DefaultExecHandle.execExceptionFor(DefaultExecHandle.java:242)
[   +3 ms] 	at org.gradle.process.internal.DefaultExecHandle.setEndStateInfo(DefaultExecHandle.java:219)
[   +3 ms] 	at org.gradle.process.internal.DefaultExecHandle.failed(DefaultExecHandle.java:404)
[   +5 ms] 	at org.gradle.process.internal.ExecHandleRunner.lambda$run$3(ExecHandleRunner.java:132)
[   +3 ms] 	at org.gradle.internal.operations.CurrentBuildOperationRef.with(CurrentBuildOperationRef.java:84)
[   +3 ms] 	at org.gradle.process.internal.ExecHandleRunner.run(ExecHandleRunner.java:131)
[   +2 ms] 	at org.gradle.internal.concurrent.ExecutorPolicy$CatchAndRecordFailures.onExecute(ExecutorPolicy.java:64)
[   +3 ms] 	at org.gradle.internal.concurrent.AbstractManagedExecutor$1.run(AbstractManagedExecutor.java:47)
[   +5 ms] 	at java.base/java.util.concurrent.ThreadPoolExecutor.runWorker(ThreadPoolExecutor.java:1144)
[   +2 ms] 	at java.base/java.util.concurrent.ThreadPoolExecutor$Worker.run(ThreadPoolExecutor.java:642)
[   +3 ms] 	at java.base/java.lang.Thread.run(Thread.java:1583)
[   +4 ms] Caused by: net.rubygrapefruit.platform.NativeException: Could not start '/root/Android/cmake/3.22.1/bin/cmake'
[   +3 ms] 	at net.rubygrapefruit.platform.internal.DefaultProcessLauncher.start(DefaultProcessLauncher.java:27)
[   +3 ms] 	at net.rubygrapefruit.platform.internal.WrapperProcessLauncher.start(WrapperProcessLauncher.java:36)
[   +3 ms] 	at org.gradle.process.internal.ExecHandleRunner.startProcess(ExecHandleRunner.java:152)
[   +3 ms] 	at org.gradle.process.internal.ExecHandleRunner.lambda$run$0(ExecHandleRunner.java:110)
[   +3 ms] 	at org.gradle.internal.operations.CurrentBuildOperationRef.with(CurrentBuildOperationRef.java:84)
[   +2 ms] 	at org.gradle.process.internal.ExecHandleRunner.run(ExecHandleRunner.java:109)
[   +2 ms] 	... 5 more
[   +3 ms] Caused by: java.io.IOException: Cannot run program "/root/Android/cmake/3.22.1/bin/cmake" (in directory "/data/data/com.termux/files/home/llano_music_app/android/app"): Exec failed, error: 2 (No such file or directory) 
[   +4 ms] 	at java.base/java.lang.ProcessBuilder.start(ProcessBuilder.java:1170)
[   +2 ms] 	at java.base/java.lang.ProcessBuilder.start(ProcessBuilder.java:1089)
[   +3 ms] 	at net.rubygrapefruit.platform.internal.DefaultProcessLauncher.start(DefaultProcessLauncher.java:25)
[   +2 ms] 	... 10 more
[   +2 ms] Caused by: java.io.IOException: Exec failed, error: 2 (No such file or directory) 
[   +2 ms] 	at java.base/java.lang.ProcessImpl.forkAndExec(Native Method)
[   +3 ms] 	at java.base/java.lang.ProcessImpl.<init>(ProcessImpl.java:295)
[   +2 ms] 	at java.base/java.lang.ProcessImpl.start(ProcessImpl.java:225)
[   +2 ms] 	at java.base/java.lang.ProcessBuilder.start(ProcessBuilder.java:1126)
[   +4 ms] 	... 12 more
[   +3 ms] 	at com.android.builder.errors.IssueReporter.reportError(IssueReporter.kt:119)
[   +2 ms] 	at com.android.builder.errors.IssueReporter.reportError$default(IssueReporter.kt:114)
[   +3 ms] 	at com.android.build.gradle.internal.cxx.logging.IssueReporterLoggingEnvironment.log(IssueReporterLoggingEnvironment.kt:113)
[   +2 ms] 	at com.android.build.gradle.internal.cxx.logging.ThreadLoggingEnvironment$Companion.reportFormattedErrorToCurrentLogger(LoggingEnvironment.kt:230)
[   +2 ms] 	at com.android.build.gradle.internal.cxx.logging.LoggingEnvironmentKt.errorln(LoggingEnvironment.kt:62)
[   +2 ms] 	at com.android.build.gradle.tasks.ExternalNativeJsonGenerator.configure(ExternalNativeJsonGenerator.kt:115)
[   +2 ms] 	at com.android.build.gradle.tasks.ExternalNativeBuildJsonTask.doTaskAction(ExternalNativeBuildJsonTask.kt:89)
[   +2 ms] 	at com.android.build.gradle.internal.tasks.UnsafeOutputsTask$taskAction$$inlined$recordTaskAction$1.invoke(BaseTask.kt:78)
[   +2 ms] 	at com.android.build.gradle.internal.tasks.Blocks.recordSpan(Blocks.java:51)
[   +3 ms] 	at com.android.build.gradle.internal.tasks.UnsafeOutputsTask.taskAction(UnsafeOutputsTask.kt:81)
[   +3 ms] 	at java.base/jdk.internal.reflect.DirectMethodHandleAccessor.invoke(DirectMethodHandleAccessor.java:103)
[   +3 ms] 	at java.base/java.lang.reflect.Method.invoke(Method.java:580)
[   +2 ms] 	at org.gradle.internal.reflect.JavaMethod.invoke(JavaMethod.java:125)
[   +2 ms] 	at org.gradle.api.internal.project.taskfactory.StandardTaskAction.doExecute(StandardTaskAction.java:58)
[   +2 ms] 	at org.gradle.api.internal.project.taskfactory.StandardTaskAction.execute(StandardTaskAction.java:51)
[   +3 ms] 	at org.gradle.api.internal.project.taskfactory.StandardTaskAction.execute(StandardTaskAction.java:29)
[   +6 ms] 	at org.gradle.api.internal.tasks.execution.TaskExecution$3.run(TaskExecution.java:252)
[   +3 ms] 	at org.gradle.internal.operations.DefaultBuildOperationRunner$1.execute(DefaultBuildOperationRunner.java:29)
[   +4 ms] 	at org.gradle.internal.operations.DefaultBuildOperationRunner$1.execute(DefaultBuildOperationRunner.java:26)
[   +3 ms] 	at org.gradle.internal.operations.DefaultBuildOperationRunner$2.execute(DefaultBuildOperationRunner.java:66)
[   +3 ms] 	at org.gradle.internal.operations.DefaultBuildOperationRunner$2.execute(DefaultBuildOperationRunner.java:59)
[   +6 ms] 	at org.gradle.internal.operations.DefaultBuildOperationRunner.execute(DefaultBuildOperationRunner.java:166)
[   +3 ms] 	at org.gradle.internal.operations.DefaultBuildOperationRunner.execute(DefaultBuildOperationRunner.java:59)
[   +3 ms] 	at org.gradle.internal.operations.DefaultBuildOperationRunner.run(DefaultBuildOperationRunner.java:47)
[   +6 ms] 	at org.gradle.api.internal.tasks.execution.TaskExecution.executeAction(TaskExecution.java:237)
[   +4 ms] 	at org.gradle.api.internal.tasks.execution.TaskExecution.executeActions(TaskExecution.java:220)
[   +3 ms] 	at org.gradle.api.internal.tasks.execution.TaskExecution.executeWithPreviousOutputFiles(TaskExecution.java:203)
[   +4 ms] 	at org.gradle.api.internal.tasks.execution.TaskExecution.execute(TaskExecution.java:170)
[   +3 ms] 	at org.gradle.internal.execution.steps.ExecuteStep.executeInternal(ExecuteStep.java:105)
[   +3 ms] 	at org.gradle.internal.execution.steps.ExecuteStep.access$000(ExecuteStep.java:44)
[   +5 ms] 	at org.gradle.internal.execution.steps.ExecuteStep$1.call(ExecuteStep.java:59)
[   +3 ms] 	at org.gradle.internal.execution.steps.ExecuteStep$1.call(ExecuteStep.java:56)
[   +2 ms] 	at org.gradle.internal.operations.DefaultBuildOperationRunner$CallableBuildOperationWorker.execute(DefaultBuildOperationRunner.java:209)
[   +3 ms] 	at org.gradle.internal.operations.DefaultBuildOperationRunner$CallableBuildOperationWorker.execute(DefaultBuildOperationRunner.java:204)
[   +2 ms] 	at org.gradle.internal.operations.DefaultBuildOperationRunner$2.execute(DefaultBuildOperationRunner.java:66)
[   +3 ms] 	at org.gradle.internal.operations.DefaultBuildOperationRunner$2.execute(DefaultBuildOperationRunner.java:59)
[   +4 ms] 	at org.gradle.internal.operations.DefaultBuildOperationRunner.execute(DefaultBuildOperationRunner.java:166)
[   +2 ms] 	at org.gradle.internal.operations.DefaultBuildOperationRunner.execute(DefaultBuildOperationRunner.java:59)
[   +3 ms] 	at org.gradle.internal.operations.DefaultBuildOperationRunner.call(DefaultBuildOperationRunner.java:53)
[   +2 ms] 	at org.gradle.internal.execution.steps.ExecuteStep.execute(ExecuteStep.java:56)
[   +3 ms] 	at org.gradle.internal.execution.steps.ExecuteStep.execute(ExecuteStep.java:44)
[   +6 ms] 	at org.gradle.internal.execution.steps.CancelExecutionStep.execute(CancelExecutionStep.java:42)
[   +6 ms] 	at org.gradle.internal.execution.steps.TimeoutStep.executeWithoutTimeout(TimeoutStep.java:75)
[   +3 ms] 	at org.gradle.internal.execution.steps.TimeoutStep.execute(TimeoutStep.java:55)
[   +3 ms] 	at org.gradle.internal.execution.steps.PreCreateOutputParentsStep.execute(PreCreateOutputParentsStep.java:50)
[   +6 ms] 	at org.gradle.internal.execution.steps.PreCreateOutputParentsStep.execute(PreCreateOutputParentsStep.java:28)
[   +4 ms] 	at org.gradle.internal.execution.steps.RemovePreviousOutputsStep.execute(RemovePreviousOutputsStep.java:68)
[   +3 ms] 	at org.gradle.internal.execution.steps.RemovePreviousOutputsStep.execute(RemovePreviousOutputsStep.java:38)
[   +5 ms] 	at org.gradle.internal.execution.steps.BroadcastChangingOutputsStep.execute(BroadcastChangingOutputsStep.java:61)
[   +3 ms] 	at org.gradle.internal.execution.steps.BroadcastChangingOutputsStep.execute(BroadcastChangingOutputsStep.java:26)
[   +2 ms] 	at org.gradle.internal.execution.steps.CaptureOutputsAfterExecutionStep.execute(CaptureOutputsAfterExecutionStep.java:69)
[   +3 ms] 	at org.gradle.internal.execution.steps.CaptureOutputsAfterExecutionStep.execute(CaptureOutputsAfterExecutionStep.java:46)
[   +1 ms] 	at org.gradle.internal.execution.steps.ResolveInputChangesStep.execute(ResolveInputChangesStep.java:39)
[   +1 ms] 	at org.gradle.internal.execution.steps.ResolveInputChangesStep.execute(ResolveInputChangesStep.java:28)
[   +1 ms] 	at org.gradle.internal.execution.steps.BuildCacheStep.executeWithoutCache(BuildCacheStep.java:189)
[   +1 ms] 	at org.gradle.internal.execution.steps.BuildCacheStep.lambda$execute$1(BuildCacheStep.java:75)
[   +4 ms] 	at org.gradle.internal.Either$Right.fold(Either.java:176)
[   +1 ms] 	at org.gradle.internal.execution.caching.CachingState.fold(CachingState.java:62)
[   +2 ms] 	at org.gradle.internal.execution.steps.BuildCacheStep.execute(BuildCacheStep.java:73)
[   +1 ms] 	at org.gradle.internal.execution.steps.BuildCacheStep.execute(BuildCacheStep.java:48)
[   +2 ms] 	at org.gradle.internal.execution.steps.StoreExecutionStateStep.execute(StoreExecutionStateStep.java:46)
[   +1 ms] 	at org.gradle.internal.execution.steps.StoreExecutionStateStep.execute(StoreExecutionStateStep.java:35)
[   +1 ms] 	at org.gradle.internal.execution.steps.SkipUpToDateStep.executeBecause(SkipUpToDateStep.java:75)
[   +1 ms] 	at org.gradle.internal.execution.steps.SkipUpToDateStep.lambda$execute$2(SkipUpToDateStep.java:53)
[   +3 ms] 	at java.base/java.util.Optional.orElseGet(Optional.java:364)
[   +6 ms] 	at org.gradle.internal.execution.steps.SkipUpToDateStep.execute(SkipUpToDateStep.java:53)
[   +3 ms] 	at org.gradle.internal.execution.steps.SkipUpToDateStep.execute(SkipUpToDateStep.java:35)
[   +4 ms] 	at org.gradle.internal.execution.steps.legacy.MarkSnapshottingInputsFinishedStep.execute(MarkSnapshottingInputsFinishedStep.java:37)
[   +2 ms] 	at org.gradle.internal.execution.steps.legacy.MarkSnapshottingInputsFinishedStep.execute(MarkSnapshottingInputsFinishedStep.java:27)
[   +2 ms] 	at org.gradle.internal.execution.steps.ResolveIncrementalCachingStateStep.executeDelegate(ResolveIncrementalCachingStateStep.java:49)
[   +2 ms] 	at org.gradle.internal.execution.steps.ResolveIncrementalCachingStateStep.executeDelegate(ResolveIncrementalCachingStateStep.java:27)
[   +2 ms] 	at org.gradle.internal.execution.steps.AbstractResolveCachingStateStep.execute(AbstractResolveCachingStateStep.java:71)
[   +2 ms] 	at org.gradle.internal.execution.steps.AbstractResolveCachingStateStep.execute(AbstractResolveCachingStateStep.java:39)
[   +2 ms] 	at org.gradle.internal.execution.steps.ResolveChangesStep.execute(ResolveChangesStep.java:64)
[   +2 ms] 	at org.gradle.internal.execution.steps.ResolveChangesStep.execute(ResolveChangesStep.java:35)
[   +2 ms] 	at org.gradle.internal.execution.steps.ValidateStep.execute(ValidateStep.java:62)
[   +1 ms] 	at org.gradle.internal.execution.steps.ValidateStep.execute(ValidateStep.java:40)
[   +1 ms] 	at org.gradle.internal.execution.steps.AbstractCaptureStateBeforeExecutionStep.execute(AbstractCaptureStateBeforeExecutionStep.java:76)
[   +1 ms] 	at org.gradle.internal.execution.steps.AbstractCaptureStateBeforeExecutionStep.execute(AbstractCaptureStateBeforeExecutionStep.java:45)
[   +1 ms] 	at org.gradle.internal.execution.steps.AbstractSkipEmptyWorkStep.executeWithNonEmptySources(AbstractSkipEmptyWorkStep.java:136)
[   +1 ms] 	at org.gradle.internal.execution.steps.AbstractSkipEmptyWorkStep.execute(AbstractSkipEmptyWorkStep.java:61)
[   +1 ms] 	at org.gradle.internal.execution.steps.AbstractSkipEmptyWorkStep.execute(AbstractSkipEmptyWorkStep.java:38)
[   +1 ms] 	at org.gradle.internal.execution.steps.legacy.MarkSnapshottingInputsStartedStep.execute(MarkSnapshottingInputsStartedStep.java:38)
[   +1 ms] 	at org.gradle.internal.execution.steps.LoadPreviousExecutionStateStep.execute(LoadPreviousExecutionStateStep.java:36)
[   +3 ms] 	at org.gradle.internal.execution.steps.LoadPreviousExecutionStateStep.execute(LoadPreviousExecutionStateStep.java:23)
[   +1 ms] 	at org.gradle.internal.execution.steps.HandleStaleOutputsStep.execute(HandleStaleOutputsStep.java:75)
[   +1 ms] 	at org.gradle.internal.execution.steps.HandleStaleOutputsStep.execute(HandleStaleOutputsStep.java:41)
[   +1 ms] 	at org.gradle.internal.execution.steps.AssignMutableWorkspaceStep.lambda$execute$0(AssignMutableWorkspaceStep.java:35)
[   +1 ms] 	at org.gradle.api.internal.tasks.execution.TaskExecution$4.withWorkspace(TaskExecution.java:297)
[   +1 ms] 	at org.gradle.internal.execution.steps.AssignMutableWorkspaceStep.execute(AssignMutableWorkspaceStep.java:31)
[   +2 ms] 	at org.gradle.internal.execution.steps.AssignMutableWorkspaceStep.execute(AssignMutableWorkspaceStep.java:22)
[   +1 ms] 	at org.gradle.internal.execution.steps.ChoosePipelineStep.execute(ChoosePipelineStep.java:40)
[   +1 ms] 	at org.gradle.internal.execution.steps.ChoosePipelineStep.execute(ChoosePipelineStep.java:23)
[   +1 ms] 	at org.gradle.internal.execution.steps.ExecuteWorkBuildOperationFiringStep.lambda$execute$2(ExecuteWorkBuildOperationFiringStep.java:67)
[   +2 ms] 	at java.base/java.util.Optional.orElseGet(Optional.java:364)
[   +1 ms] 	at org.gradle.internal.execution.steps.ExecuteWorkBuildOperationFiringStep.execute(ExecuteWorkBuildOperationFiringStep.java:67)
[   +1 ms] 	at org.gradle.internal.execution.steps.ExecuteWorkBuildOperationFiringStep.execute(ExecuteWorkBuildOperationFiringStep.java:39)
[   +1 ms] 	at org.gradle.internal.execution.steps.IdentityCacheStep.execute(IdentityCacheStep.java:46)
[   +1 ms] 	at org.gradle.internal.execution.steps.IdentityCacheStep.execute(IdentityCacheStep.java:34)
[   +1 ms] 	at org.gradle.internal.execution.steps.IdentifyStep.execute(IdentifyStep.java:47)
[   +1 ms] 	at org.gradle.internal.execution.steps.IdentifyStep.execute(IdentifyStep.java:34)
[   +1 ms] 	at org.gradle.internal.execution.impl.DefaultExecutionEngine$1.execute(DefaultExecutionEngine.java:64)
[   +1 ms] 	at org.gradle.api.internal.tasks.execution.ExecuteActionsTaskExecuter.executeIfValid(ExecuteActionsTaskExecuter.java:132)
[   +1 ms] 	... 32 more
[   +1 ms] BUILD FAILED in 1m 52s
[   +6 ms] Deprecated Gradle features were used in this build, making it incompatible with Gradle 10.
[   +1 ms] You can use '--warning-mode all' to show the individual deprecation warnings and determine if they come from your own scripts or plugins.
[   +2 ms] For more on this, please refer to https://docs.gradle.org/9.1.0/userguide/command_line_interface.html#sec:command_line_warnings in the Gradle documentation.
[   +1 ms] 6 actionable tasks: 2 executed, 4 up-to-date
[   +1 ms] Some of the file system contents retained in the virtual file system are on file systems that Gradle doesn't support watching. The relevant state was discarded to ensure changes to these locations are properly detected. You can override this by explicitly enabling file system watching.
[  +20 ms] Running Gradle task 'assembleRelease'... (completed in 113.4s)
[  +58 ms] "flutter apk" took 118,192ms.
[ +131 ms] Gradle task assembleRelease failed with exit code 1
[   +3 ms] 
           #0      throwToolExit (package:flutter_tools/src/base/common.dart:34:3)
           #1      AndroidGradleBuilder.buildGradleApp (package:flutter_tools/src/android/gradle.dart:595:7)
           <asynchronous suspension>
           #2      AndroidGradleBuilder.buildApk (package:flutter_tools/src/android/gradle.dart:236:5)
           <asynchronous suspension>
           #3      BuildApkCommand.runCommand (package:flutter_tools/src/commands/build_apk.dart:132:5)
           <asynchronous suspension>
           #4      FlutterCommand.run.<anonymous closure> (package:flutter_tools/src/runner/flutter_command.dart:1630:27)
           <asynchronous suspension>
           #5      AppContext.run.<anonymous closure> (package:flutter_tools/src/base/context.dart:154:19)
           <asynchronous suspension>
           #6      CommandRunner.runCommand (package:args/command_runner.dart:212:13)
           <asynchronous suspension>
           #7      FlutterCommandRunner.runCommand.<anonymous closure> (package:flutter_tools/src/runner/flutter_command_runner.dart:496:9)
           <asynchronous suspension>
           #8      AppContext.run.<anonymous closure> (package:flutter_tools/src/base/context.dart:154:19)
           <asynchronous suspension>
           #9      FlutterCommandRunner.runCommand (package:flutter_tools/src/runner/flutter_command_runner.dart:431:5)
           <asynchronous suspension>
           #10     FlutterCommandRunner.run.<anonymous closure> (package:flutter_tools/src/runner/flutter_command_runner.dart:307:33)
           <asynchronous suspension>
           #11     run.<anonymous closure>.<anonymous closure> (package:flutter_tools/runner.dart:104:11)
           <asynchronous suspension>
           #12     AppContext.run.<anonymous closure> (package:flutter_tools/src/base/context.dart:154:19)
           <asynchronous suspension>
           #13     main (package:flutter_tools/executable.dart:103:3)
           <asynchronous suspension>


[   +2 ms] Running 1 shutdown hook
[  +21 ms] Shutdown hooks complete
[ +315 ms] exiting with code 1
